; ModuleID = 'integraph'
source_filename = "integraph"

@i = global double 0.000000e+00
@fmt = private unnamed_addr constant [4 x i8] c"%d\0A\00", align 1
@fmt.1 = private unnamed_addr constant [4 x i8] c"%s\0A\00", align 1
@fmt.2 = private unnamed_addr constant [4 x i8] c"%g\0A\00", align 1

declare i32 @printf(i8*, ...)

declare i32 @printbig(i32)

define void @main() {
entry:
  %i = alloca i32, align 4
  store i32 7, i32* %i, align 4
  %i1 = load i32, i32* %i, align 4
  %printf = call i32 (i8*, ...) @printf(i8* getelementptr inbounds ([4 x i8], [4 x i8]* @fmt, i32 0, i32 0), i32 %i1)
  ret void
}
